Archive member included to satisfy reference by file (symbol)

C:\Users\Ilja-NP\workspace\stm32f072b-disco_stdperiph_lib\Debug\libstm32f072b-disco_stdperiph_lib.a(stm32f0xx_gpio.o)
                              src/board.o (GPIO_Init)
C:\Users\Ilja-NP\workspace\stm32f072b-disco_stdperiph_lib\Debug\libstm32f072b-disco_stdperiph_lib.a(stm32f0xx_rcc.o)
                              src/board.o (RCC_AHBPeriphClockCmd)
C:\Users\Ilja-NP\workspace\stm32f072b-disco_stdperiph_lib\Debug\libstm32f072b-disco_stdperiph_lib.a(stm32f0xx_usart.o)
                              src/uart.o (USART_Init)
d:/eclipse/plugins/fr.ac6.mcu.externaltools.arm-none.win32_1.11.0.201610101338/tools/gcc-arm-none-eabi-5_4-2016q2-20160622-win32/bin/../lib/gcc/arm-none-eabi/5.4.1/armv6-m\libgcc.a(_udivsi3.o)
                              src/system_stm32f0xx.o (__aeabi_uidiv)
d:/eclipse/plugins/fr.ac6.mcu.externaltools.arm-none.win32_1.11.0.201610101338/tools/gcc-arm-none-eabi-5_4-2016q2-20160622-win32/bin/../lib/gcc/arm-none-eabi/5.4.1/armv6-m\libgcc.a(_dvmd_tls.o)
                              d:/eclipse/plugins/fr.ac6.mcu.externaltools.arm-none.win32_1.11.0.201610101338/tools/gcc-arm-none-eabi-5_4-2016q2-20160622-win32/bin/../lib/gcc/arm-none-eabi/5.4.1/armv6-m\libgcc.a(_udivsi3.o) (__aeabi_idiv0)
d:/eclipse/plugins/fr.ac6.mcu.externaltools.arm-none.win32_1.11.0.201610101338/tools/gcc-arm-none-eabi-5_4-2016q2-20160622-win32/bin/../lib/gcc/arm-none-eabi/5.4.1/../../../../arm-none-eabi/lib/armv6-m\libc.a(lib_a-errno.o)
                              src/syscalls.o (__errno)
d:/eclipse/plugins/fr.ac6.mcu.externaltools.arm-none.win32_1.11.0.201610101338/tools/gcc-arm-none-eabi-5_4-2016q2-20160622-win32/bin/../lib/gcc/arm-none-eabi/5.4.1/../../../../arm-none-eabi/lib/armv6-m\libc.a(lib_a-exit.o)
                              d:/eclipse/plugins/fr.ac6.mcu.externaltools.arm-none.win32_1.11.0.201610101338/tools/gcc-arm-none-eabi-5_4-2016q2-20160622-win32/bin/../lib/gcc/arm-none-eabi/5.4.1/../../../../arm-none-eabi/lib/armv6-m/crt0.o (exit)
d:/eclipse/plugins/fr.ac6.mcu.externaltools.arm-none.win32_1.11.0.201610101338/tools/gcc-arm-none-eabi-5_4-2016q2-20160622-win32/bin/../lib/gcc/arm-none-eabi/5.4.1/../../../../arm-none-eabi/lib/armv6-m\libc.a(lib_a-impure.o)
                              d:/eclipse/plugins/fr.ac6.mcu.externaltools.arm-none.win32_1.11.0.201610101338/tools/gcc-arm-none-eabi-5_4-2016q2-20160622-win32/bin/../lib/gcc/arm-none-eabi/5.4.1/../../../../arm-none-eabi/lib/armv6-m\libc.a(lib_a-exit.o) (_global_impure_ptr)
d:/eclipse/plugins/fr.ac6.mcu.externaltools.arm-none.win32_1.11.0.201610101338/tools/gcc-arm-none-eabi-5_4-2016q2-20160622-win32/bin/../lib/gcc/arm-none-eabi/5.4.1/../../../../arm-none-eabi/lib/armv6-m\libc.a(lib_a-init.o)
                              d:/eclipse/plugins/fr.ac6.mcu.externaltools.arm-none.win32_1.11.0.201610101338/tools/gcc-arm-none-eabi-5_4-2016q2-20160622-win32/bin/../lib/gcc/arm-none-eabi/5.4.1/../../../../arm-none-eabi/lib/armv6-m/crt0.o (__libc_init_array)
d:/eclipse/plugins/fr.ac6.mcu.externaltools.arm-none.win32_1.11.0.201610101338/tools/gcc-arm-none-eabi-5_4-2016q2-20160622-win32/bin/../lib/gcc/arm-none-eabi/5.4.1/../../../../arm-none-eabi/lib/armv6-m\libc.a(lib_a-memset.o)
                              d:/eclipse/plugins/fr.ac6.mcu.externaltools.arm-none.win32_1.11.0.201610101338/tools/gcc-arm-none-eabi-5_4-2016q2-20160622-win32/bin/../lib/gcc/arm-none-eabi/5.4.1/../../../../arm-none-eabi/lib/armv6-m/crt0.o (memset)
d:/eclipse/plugins/fr.ac6.mcu.externaltools.arm-none.win32_1.11.0.201610101338/tools/gcc-arm-none-eabi-5_4-2016q2-20160622-win32/bin/../lib/gcc/arm-none-eabi/5.4.1/../../../../arm-none-eabi/lib/armv6-m\libc.a(lib_a-__call_atexit.o)
                              d:/eclipse/plugins/fr.ac6.mcu.externaltools.arm-none.win32_1.11.0.201610101338/tools/gcc-arm-none-eabi-5_4-2016q2-20160622-win32/bin/../lib/gcc/arm-none-eabi/5.4.1/../../../../arm-none-eabi/lib/armv6-m\libc.a(lib_a-exit.o) (__call_exitprocs)
d:/eclipse/plugins/fr.ac6.mcu.externaltools.arm-none.win32_1.11.0.201610101338/tools/gcc-arm-none-eabi-5_4-2016q2-20160622-win32/bin/../lib/gcc/arm-none-eabi/5.4.1/../../../../arm-none-eabi/lib/armv6-m\libc.a(lib_a-atexit.o)
                              d:/eclipse/plugins/fr.ac6.mcu.externaltools.arm-none.win32_1.11.0.201610101338/tools/gcc-arm-none-eabi-5_4-2016q2-20160622-win32/bin/../lib/gcc/arm-none-eabi/5.4.1/../../../../arm-none-eabi/lib/armv6-m\libc.a(lib_a-__call_atexit.o) (atexit)
d:/eclipse/plugins/fr.ac6.mcu.externaltools.arm-none.win32_1.11.0.201610101338/tools/gcc-arm-none-eabi-5_4-2016q2-20160622-win32/bin/../lib/gcc/arm-none-eabi/5.4.1/../../../../arm-none-eabi/lib/armv6-m\libc.a(lib_a-fini.o)
                              d:/eclipse/plugins/fr.ac6.mcu.externaltools.arm-none.win32_1.11.0.201610101338/tools/gcc-arm-none-eabi-5_4-2016q2-20160622-win32/bin/../lib/gcc/arm-none-eabi/5.4.1/../../../../arm-none-eabi/lib/armv6-m\libc.a(lib_a-__call_atexit.o) (__libc_fini_array)
[...]
Memory Configuration

Name             Origin             Length             Attributes
FLASH            0x08000000         0x00020000         xr
RAM              0x20000000         0x00004000         xrw
*default*        0x00000000         0xffffffff

Linker script and memory map

LOAD d:/eclipse/plugins/fr.ac6.mcu.externaltools.arm-none.win32_1.11.0.201610101338/tools/gcc-arm-none-eabi-5_4-2016q2-20160622-win32/bin/../lib/gcc/arm-none-eabi/5.4.1/armv6-m/crti.o
LOAD d:/eclipse/plugins/fr.ac6.mcu.externaltools.arm-none.win32_1.11.0.201610101338/tools/gcc-arm-none-eabi-5_4-2016q2-20160622-win32/bin/../lib/gcc/arm-none-eabi/5.4.1/armv6-m/crtbegin.o
LOAD d:/eclipse/plugins/fr.ac6.mcu.externaltools.arm-none.win32_1.11.0.201610101338/tools/gcc-arm-none-eabi-5_4-2016q2-20160622-win32/bin/../lib/gcc/arm-none-eabi/5.4.1/../../../../arm-none-eabi/lib/armv6-m/crt0.o
LOAD d:/eclipse/plugins/fr.ac6.mcu.externaltools.arm-none.win32_1.11.0.201610101338/tools/gcc-arm-none-eabi-5_4-2016q2-20160622-win32/bin/../lib/gcc/arm-none-eabi/5.4.1/../../../../arm-none-eabi/lib/armv6-m\libm.a
LOAD src/board.o
LOAD src/main.o
LOAD src/syscalls.o
LOAD src/system_stm32f0xx.o
LOAD src/uart.o
LOAD startup/startup_stm32f072.o
LOAD C:\Users\Ilja-NP\workspace\stm32f072b-disco_stdperiph_lib\Debug\libstm32f072b-disco_stdperiph_lib.a
START GROUP
LOAD d:/eclipse/plugins/fr.ac6.mcu.externaltools.arm-none.win32_1.11.0.201610101338/tools/gcc-arm-none-eabi-5_4-2016q2-20160622-win32/bin/../lib/gcc/arm-none-eabi/5.4.1/armv6-m\libgcc.a
LOAD d:/eclipse/plugins/fr.ac6.mcu.externaltools.arm-none.win32_1.11.0.201610101338/tools/gcc-arm-none-eabi-5_4-2016q2-20160622-win32/bin/../lib/gcc/arm-none-eabi/5.4.1/../../../../arm-none-eabi/lib/armv6-m\libc.a
END GROUP
LOAD d:/eclipse/plugins/fr.ac6.mcu.externaltools.arm-none.win32_1.11.0.201610101338/tools/gcc-arm-none-eabi-5_4-2016q2-20160622-win32/bin/../lib/gcc/arm-none-eabi/5.4.1/armv6-m/crtend.o
LOAD d:/eclipse/plugins/fr.ac6.mcu.externaltools.arm-none.win32_1.11.0.201610101338/tools/gcc-arm-none-eabi-5_4-2016q2-20160622-win32/bin/../lib/gcc/arm-none-eabi/5.4.1/armv6-m/crtn.o
                0x20004000                _estack = 0x20004000
                0x00000000                _Min_Heap_Size = 0x0
                0x00000800                _Min_Stack_Size = 0x800

.isr_vector     0x08000000       0xc0
                0x08000000                . = ALIGN (0x4)
 *(.isr_vector)
 .isr_vector    0x08000000       0xc0 startup/startup_stm32f072.o
                0x08000000                g_pfnVectors
                0x080000c0                . = ALIGN (0x4)

.text           0x080000c0      0xe38
                0x080000c0                . = ALIGN (0x4)
 *(.text)
 .text          0x080000c0       0x60 d:/eclipse/plugins/fr.ac6.mcu.externaltools.arm-none.win32_1.11.0.201610101338/tools/gcc-arm-none-eabi-5_4-2016q2-20160622-win32/bin/../lib/gcc/arm-none-eabi/5.4.1/armv6-m/crtbegin.o
 .text          0x08000120      0x114 d:/eclipse/plugins/fr.ac6.mcu.externaltools.arm-none.win32_1.11.0.201610101338/tools/gcc-arm-none-eabi-5_4-2016q2-20160622-win32/bin/../lib/gcc/arm-none-eabi/5.4.1/armv6-m\libgcc.a(_udivsi3.o)
                0x08000120                __aeabi_uidiv
                0x08000120                __udivsi3
                0x0800022c                __aeabi_uidivmod
 .text          0x08000234        0x4 d:/eclipse/plugins/fr.ac6.mcu.externaltools.arm-none.win32_1.11.0.201610101338/tools/gcc-arm-none-eabi-5_4-2016q2-20160622-win32/bin/../lib/gcc/arm-none-eabi/5.4.1/armv6-m\libgcc.a(_dvmd_tls.o)
                0x08000234                __aeabi_idiv0
                0x08000234                __aeabi_ldiv0
 *(.text*)
 .text.Board_init_gpio
                0x08000238       0x64 src/board.o
                0x08000238                Board_init_gpio
 .text.main     0x0800029c       0x18 src/main.o
                0x0800029c                main
 .text.SystemInit
                0x080002b4       0x90 src/system_stm32f0xx.o
                0x080002b4                SystemInit
 .text.SetSysClock
                0x08000344       0x68 src/system_stm32f0xx.o
 .text.NVIC_EnableIRQ
                0x080003ac       0x2c src/uart.o
 .text.UART_init
                0x080003d8       0x5c src/uart.o
                0x080003d8                UART_init
 .text.UART_enable_interrupt
                0x08000434       0x24 src/uart.o
                0x08000434                UART_enable_interrupt
 .text.UART_SendString
                0x08000458       0x4c src/uart.o
                0x08000458                UART_SendString
 .text.UART_sendCrLf
                0x080004a4       0x44 src/uart.o
                0x080004a4                UART_sendCrLf
 .text.USART1_IRQHandler
                0x080004e8       0x8c src/uart.o
                0x080004e8                USART1_IRQHandler
 .text.Reset_Handler
                0x08000574       0x50 startup/startup_stm32f072.o
                0x08000574                Reset_Handler
 .text.Default_Handler
                0x080005c4        0x2 startup/startup_stm32f072.o
                0x080005c4                TIM1_CC_IRQHandler
                0x080005c4                TSC_IRQHandler
                0x080005c4                HardFault_Handler
                0x080005c4                ADC1_COMP_IRQHandler
                0x080005c4                SysTick_Handler
                0x080005c4                PendSV_Handler
                0x080005c4                NMI_Handler
                0x080005c4                I2C1_IRQHandler
                0x080005c4                RCC_CRS_IRQHandler
                0x080005c4                SPI1_IRQHandler
                0x080005c4                TIM6_DAC_IRQHandler
                0x080005c4                USART3_4_IRQHandler
                0x080005c4                EXTI2_3_IRQHandler
                0x080005c4                I2C2_IRQHandler
                0x080005c4                TIM17_IRQHandler
                0x080005c4                CEC_CAN_IRQHandler
                0x080005c4                RTC_IRQHandler
                0x080005c4                PVD_VDDIO2_IRQHandler
                0x080005c4                DMA1_Channel4_5_6_7_IRQHandler
                0x080005c4                TIM16_IRQHandler
                0x080005c4                TIM3_IRQHandler
                0x080005c4                EXTI4_15_IRQHandler
                0x080005c4                DMA1_Channel1_IRQHandler
                0x080005c4                Default_Handler
                0x080005c4                TIM14_IRQHandler
                0x080005c4                TIM7_IRQHandler
                0x080005c4                TIM15_IRQHandler
                0x080005c4                EXTI0_1_IRQHandler
                0x080005c4                USB_IRQHandler
                0x080005c4                SPI2_IRQHandler
                0x080005c4                SVC_Handler
                0x080005c4                WWDG_IRQHandler
                0x080005c4                TIM2_IRQHandler
                0x080005c4                DMA1_Channel2_3_IRQHandler
                0x080005c4                USART2_IRQHandler
                0x080005c4                FLASH_IRQHandler
                0x080005c4                TIM1_BRK_UP_TRG_COM_IRQHandler
 *fill*         0x080005c6        0x2 
 .text.GPIO_Init
                0x080005c8      0x130 C:\Users\Ilja-NP\workspace\stm32f072b-disco_stdperiph_lib\Debug\libstm32f072b-disco_stdperiph_lib.a(stm32f0xx_gpio.o)
                0x080005c8                GPIO_Init
 .text.GPIO_PinAFConfig
                0x080006f8       0xa4 C:\Users\Ilja-NP\workspace\stm32f072b-disco_stdperiph_lib\Debug\libstm32f072b-disco_stdperiph_lib.a(stm32f0xx_gpio.o)
                0x080006f8                GPIO_PinAFConfig
 .text.RCC_GetClocksFreq
                0x0800079c      0x268 C:\Users\Ilja-NP\workspace\stm32f072b-disco_stdperiph_lib\Debug\libstm32f072b-disco_stdperiph_lib.a(stm32f0xx_rcc.o)
                0x0800079c                RCC_GetClocksFreq
 .text.RCC_AHBPeriphClockCmd
                0x08000a04       0x40 C:\Users\Ilja-NP\workspace\stm32f072b-disco_stdperiph_lib\Debug\libstm32f072b-disco_stdperiph_lib.a(stm32f0xx_rcc.o)
                0x08000a04                RCC_AHBPeriphClockCmd
 .text.RCC_APB2PeriphClockCmd
                0x08000a44       0x40 C:\Users\Ilja-NP\workspace\stm32f072b-disco_stdperiph_lib\Debug\libstm32f072b-disco_stdperiph_lib.a(stm32f0xx_rcc.o)
                0x08000a44                RCC_APB2PeriphClockCmd
 .text.USART_Init
                0x08000a84      0x174 C:\Users\Ilja-NP\workspace\stm32f072b-disco_stdperiph_lib\Debug\libstm32f072b-disco_stdperiph_lib.a(stm32f0xx_usart.o)
                0x08000a84                USART_Init
 .text.USART_Cmd
                0x08000bf8       0x3c C:\Users\Ilja-NP\workspace\stm32f072b-disco_stdperiph_lib\Debug\libstm32f072b-disco_stdperiph_lib.a(stm32f0xx_usart.o)
                0x08000bf8                USART_Cmd
 .text.USART_SendData
                0x08000c34       0x24 C:\Users\Ilja-NP\workspace\stm32f072b-disco_stdperiph_lib\Debug\libstm32f072b-disco_stdperiph_lib.a(stm32f0xx_usart.o)
                0x08000c34                USART_SendData
 .text.USART_ReceiveData
                0x08000c58       0x1c C:\Users\Ilja-NP\workspace\stm32f072b-disco_stdperiph_lib\Debug\libstm32f072b-disco_stdperiph_lib.a(stm32f0xx_usart.o)
                0x08000c58                USART_ReceiveData
 .text.USART_ITConfig
                0x08000c74       0x88 C:\Users\Ilja-NP\workspace\stm32f072b-disco_stdperiph_lib\Debug\libstm32f072b-disco_stdperiph_lib.a(stm32f0xx_usart.o)
                0x08000c74                USART_ITConfig
 .text.USART_GetFlagStatus
                0x08000cfc       0x3c C:\Users\Ilja-NP\workspace\stm32f072b-disco_stdperiph_lib\Debug\libstm32f072b-disco_stdperiph_lib.a(stm32f0xx_usart.o)
                0x08000cfc                USART_GetFlagStatus
 .text.USART_ClearITPendingBit
                0x08000d38       0x30 C:\Users\Ilja-NP\workspace\stm32f072b-disco_stdperiph_lib\Debug\libstm32f072b-disco_stdperiph_lib.a(stm32f0xx_usart.o)
                0x08000d38                USART_ClearITPendingBit
 .text.__libc_init_array
                0x08000d68       0x48 d:/eclipse/plugins/fr.ac6.mcu.externaltools.arm-none.win32_1.11.0.201610101338/tools/gcc-arm-none-eabi-5_4-2016q2-20160622-win32/bin/../lib/gcc/arm-none-eabi/5.4.1/../../../../arm-none-eabi/lib/armv6-m\libc.a(lib_a-init.o)
                0x08000d68                __libc_init_array
 .text.startup.register_fini
                0x08000db0       0x18 d:/eclipse/plugins/fr.ac6.mcu.externaltools.arm-none.win32_1.11.0.201610101338/tools/gcc-arm-none-eabi-5_4-2016q2-20160622-win32/bin/../lib/gcc/arm-none-eabi/5.4.1/../../../../arm-none-eabi/lib/armv6-m\libc.a(lib_a-__call_atexit.o)
 .text.atexit   0x08000dc8       0x10 d:/eclipse/plugins/fr.ac6.mcu.externaltools.arm-none.win32_1.11.0.201610101338/tools/gcc-arm-none-eabi-5_4-2016q2-20160622-win32/bin/../lib/gcc/arm-none-eabi/5.4.1/../../../../arm-none-eabi/lib/armv6-m\libc.a(lib_a-atexit.o)
                0x08000dc8                atexit
 .text.__libc_fini_array
                0x08000dd8       0x34 d:/eclipse/plugins/fr.ac6.mcu.externaltools.arm-none.win32_1.11.0.201610101338/tools/gcc-arm-none-eabi-5_4-2016q2-20160622-win32/bin/../lib/gcc/arm-none-eabi/5.4.1/../../../../arm-none-eabi/lib/armv6-m\libc.a(lib_a-fini.o)
                0x08000dd8                __libc_fini_array
 .text.__register_exitproc
                0x08000e0c       0xd4 d:/eclipse/plugins/fr.ac6.mcu.externaltools.arm-none.win32_1.11.0.201610101338/tools/gcc-arm-none-eabi-5_4-2016q2-20160622-win32/bin/../lib/gcc/arm-none-eabi/5.4.1/../../../../arm-none-eabi/lib/armv6-m\libc.a(lib_a-__atexit.o)
                0x08000e0c                __register_exitproc
 *(.glue_7)
 .glue_7        0x08000ee0        0x0 linker stubs
 *(.glue_7t)
 .glue_7t       0x08000ee0        0x0 linker stubs
 *(.eh_frame)
 .eh_frame      0x08000ee0        0x0 d:/eclipse/plugins/fr.ac6.mcu.externaltools.arm-none.win32_1.11.0.201610101338/tools/gcc-arm-none-eabi-5_4-2016q2-20160622-win32/bin/../lib/gcc/arm-none-eabi/5.4.1/armv6-m/crtbegin.o
 *(.init)
 .init          0x08000ee0        0x4 d:/eclipse/plugins/fr.ac6.mcu.externaltools.arm-none.win32_1.11.0.201610101338/tools/gcc-arm-none-eabi-5_4-2016q2-20160622-win32/bin/../lib/gcc/arm-none-eabi/5.4.1/armv6-m/crti.o
                0x08000ee0                _init
 .init          0x08000ee4        0x8 d:/eclipse/plugins/fr.ac6.mcu.externaltools.arm-none.win32_1.11.0.201610101338/tools/gcc-arm-none-eabi-5_4-2016q2-20160622-win32/bin/../lib/gcc/arm-none-eabi/5.4.1/armv6-m/crtn.o
 *(.fini)
 .fini          0x08000eec        0x4 d:/eclipse/plugins/fr.ac6.mcu.externaltools.arm-none.win32_1.11.0.201610101338/tools/gcc-arm-none-eabi-5_4-2016q2-20160622-win32/bin/../lib/gcc/arm-none-eabi/5.4.1/armv6-m/crti.o
                0x08000eec                _fini
 .fini          0x08000ef0        0x8 d:/eclipse/plugins/fr.ac6.mcu.externaltools.arm-none.win32_1.11.0.201610101338/tools/gcc-arm-none-eabi-5_4-2016q2-20160622-win32/bin/../lib/gcc/arm-none-eabi/5.4.1/armv6-m/crtn.o
                0x08000ef8                . = ALIGN (0x4)
                0x08000ef8                _etext = .

.vfp11_veneer   0x08000ef8        0x0
 .vfp11_veneer  0x08000ef8        0x0 linker stubs

.v4_bx          0x08000ef8        0x0
 .v4_bx         0x08000ef8        0x0 linker stubs

.iplt           0x08000ef8        0x0
 .iplt          0x08000ef8        0x0 d:/eclipse/plugins/fr.ac6.mcu.externaltools.arm-none.win32_1.11.0.201610101338/tools/gcc-arm-none-eabi-5_4-2016q2-20160622-win32/bin/../lib/gcc/arm-none-eabi/5.4.1/armv6-m/crtbegin.o

.rodata         0x08000ef8        0x8
                0x08000ef8                . = ALIGN (0x4)
 *(.rodata)
 *(.rodata*)
 .rodata.str1.4
                0x08000ef8        0x4 d:/eclipse/plugins/fr.ac6.mcu.externaltools.arm-none.win32_1.11.0.201610101338/tools/gcc-arm-none-eabi-5_4-2016q2-20160622-win32/bin/../lib/gcc/arm-none-eabi/5.4.1/../../../../arm-none-eabi/lib/armv6-m\libc.a(lib_a-impure.o)
                                  0x2 (size before relaxing)
 .rodata._global_impure_ptr
                0x08000efc        0x4 d:/eclipse/plugins/fr.ac6.mcu.externaltools.arm-none.win32_1.11.0.201610101338/tools/gcc-arm-none-eabi-5_4-2016q2-20160622-win32/bin/../lib/gcc/arm-none-eabi/5.4.1/../../../../arm-none-eabi/lib/armv6-m\libc.a(lib_a-impure.o)
                0x08000efc                _global_impure_ptr
                0x08000f00                . = ALIGN (0x4)

.rel.dyn        0x08000f00        0x0
 .rel.iplt      0x08000f00        0x0 d:/eclipse/plugins/fr.ac6.mcu.externaltools.arm-none.win32_1.11.0.201610101338/tools/gcc-arm-none-eabi-5_4-2016q2-20160622-win32/bin/../lib/gcc/arm-none-eabi/5.4.1/armv6-m/crtbegin.o

.ARM.extab
 *(.ARM.extab* .gnu.linkonce.armextab.*)

.ARM            0x08000f00        0x0
                0x08000f00                __exidx_start = .
 *(.ARM.exidx*)
                0x08000f00                __exidx_end = .

.preinit_array  0x08000f00        0x0
                0x08000f00                PROVIDE (__preinit_array_start, .)
 *(.preinit_array*)
                0x08000f00                PROVIDE (__preinit_array_end, .)

.init_array     0x08000f00        0x8
                0x08000f00                PROVIDE (__init_array_start, .)
 *(SORT(.init_array.*))
 .init_array.00000
                0x08000f00        0x4 d:/eclipse/plugins/fr.ac6.mcu.externaltools.arm-none.win32_1.11.0.201610101338/tools/gcc-arm-none-eabi-5_4-2016q2-20160622-win32/bin/../lib/gcc/arm-none-eabi/5.4.1/../../../../arm-none-eabi/lib/armv6-m\libc.a(lib_a-__call_atexit.o)
 *(.init_array*)
 .init_array    0x08000f04        0x4 d:/eclipse/plugins/fr.ac6.mcu.externaltools.arm-none.win32_1.11.0.201610101338/tools/gcc-arm-none-eabi-5_4-2016q2-20160622-win32/bin/../lib/gcc/arm-none-eabi/5.4.1/armv6-m/crtbegin.o
                0x08000f08                PROVIDE (__init_array_end, .)

.fini_array     0x08000f08        0x4
                0x08000f08                PROVIDE (__fini_array_start, .)
 *(SORT(.fini_array.*))
 *(.fini_array*)
 .fini_array    0x08000f08        0x4 d:/eclipse/plugins/fr.ac6.mcu.externaltools.arm-none.win32_1.11.0.201610101338/tools/gcc-arm-none-eabi-5_4-2016q2-20160622-win32/bin/../lib/gcc/arm-none-eabi/5.4.1/armv6-m/crtbegin.o
                0x08000f0c                PROVIDE (__fini_array_end, .)
                0x08000f0c                _sidata = LOADADDR (.data)

.data           0x20000000      0x438 load address 0x08000f0c
                0x20000000                . = ALIGN (0x4)
                0x20000000                _sdata = .
 *(.data)
 .data          0x20000000       0x10 C:\Users\Ilja-NP\workspace\stm32f072b-disco_stdperiph_lib\Debug\libstm32f072b-disco_stdperiph_lib.a(stm32f0xx_rcc.o)
 *(.data*)
 .data.impure_data
                0x20000010      0x428 d:/eclipse/plugins/fr.ac6.mcu.externaltools.arm-none.win32_1.11.0.201610101338/tools/gcc-arm-none-eabi-5_4-2016q2-20160622-win32/bin/../lib/gcc/arm-none-eabi/5.4.1/../../../../arm-none-eabi/lib/armv6-m\libc.a(lib_a-impure.o)
                0x20000438                . = ALIGN (0x4)
                0x20000438                _edata = .

.jcr            0x20000438        0x0 load address 0x08001344
 .jcr           0x20000438        0x0 d:/eclipse/plugins/fr.ac6.mcu.externaltools.arm-none.win32_1.11.0.201610101338/tools/gcc-arm-none-eabi-5_4-2016q2-20160622-win32/bin/../lib/gcc/arm-none-eabi/5.4.1/armv6-m/crtbegin.o

.igot.plt       0x20000438        0x0 load address 0x08001344
 .igot.plt      0x20000438        0x0 d:/eclipse/plugins/fr.ac6.mcu.externaltools.arm-none.win32_1.11.0.201610101338/tools/gcc-arm-none-eabi-5_4-2016q2-20160622-win32/bin/../lib/gcc/arm-none-eabi/5.4.1/armv6-m/crtbegin.o
                0x20000438                . = ALIGN (0x4)

.bss            0x20000438       0x74 load address 0x08001344
                0x20000438                _sbss = .
                0x20000438                __bss_start__ = _sbss
 *(.bss)
 .bss           0x20000438       0x1c d:/eclipse/plugins/fr.ac6.mcu.externaltools.arm-none.win32_1.11.0.201610101338/tools/gcc-arm-none-eabi-5_4-2016q2-20160622-win32/bin/../lib/gcc/arm-none-eabi/5.4.1/armv6-m/crtbegin.o
 .bss           0x20000454        0x1 src/uart.o
                0x20000454                charCounter
 *(.bss*)
 *(COMMON)
 *fill*         0x20000455        0x3 
 COMMON         0x20000458       0x52 src/uart.o
                0x20000458                uartRxBuffer
                0x20000478                uartBuffer
                0x200004ac                . = ALIGN (0x4)
 *fill*         0x200004aa        0x2 
                0x200004ac                _ebss = .
                0x200004ac                __bss_end__ = _ebss

._user_heap_stack
                0x200004ac      0x804 load address 0x08001344
                0x200004b0                . = ALIGN (0x8)
 *fill*         0x200004ac        0x4 
                0x200004b0                PROVIDE (end, .)
                [!provide]                PROVIDE (_end, .)
                0x200004b0                . = (. + _Min_Heap_Size)
                0x20000cb0                . = (. + _Min_Stack_Size)
 *fill*         0x200004b0      0x800 
                0x20000cb0                . = ALIGN (0x8)

/DISCARD/
 libc.a(*)
 libm.a(*)
 libgcc.a(*)

.ARM.attributes
                0x00000000       0x28
 *(.ARM.attributes)
 .ARM.attributes
                0x00000000       0x1e d:/eclipse/plugins/fr.ac6.mcu.externaltools.arm-none.win32_1.11.0.201610101338/tools/gcc-arm-none-eabi-5_4-2016q2-20160622-win32/bin/../lib/gcc/arm-none-eabi/5.4.1/armv6-m/crti.o
 .ARM.attributes
                0x0000001e       0x2c d:/eclipse/plugins/fr.ac6.mcu.externaltools.arm-none.win32_1.11.0.201610101338/tools/gcc-arm-none-eabi-5_4-2016q2-20160622-win32/bin/../lib/gcc/arm-none-eabi/5.4.1/armv6-m/crtbegin.o
 .ARM.attributes
                0x0000004a       0x31 src/board.o
 .ARM.attributes
                0x0000007b       0x31 src/main.o
 .ARM.attributes
                0x000000ac       0x31 src/system_stm32f0xx.o
 .ARM.attributes
                0x000000dd       0x31 src/uart.o
 .ARM.attributes
                0x0000010e       0x21 startup/startup_stm32f072.o
 .ARM.attributes
                0x0000012f       0x31 C:\Users\Ilja-NP\workspace\stm32f072b-disco_stdperiph_lib\Debug\libstm32f072b-disco_stdperiph_lib.a(stm32f0xx_gpio.o)
 .ARM.attributes
                0x00000160       0x31 C:\Users\Ilja-NP\workspace\stm32f072b-disco_stdperiph_lib\Debug\libstm32f072b-disco_stdperiph_lib.a(stm32f0xx_rcc.o)
 .ARM.attributes
                0x00000191       0x31 C:\Users\Ilja-NP\workspace\stm32f072b-disco_stdperiph_lib\Debug\libstm32f072b-disco_stdperiph_lib.a(stm32f0xx_usart.o)
 .ARM.attributes
                0x000001c2       0x1e d:/eclipse/plugins/fr.ac6.mcu.externaltools.arm-none.win32_1.11.0.201610101338/tools/gcc-arm-none-eabi-5_4-2016q2-20160622-win32/bin/../lib/gcc/arm-none-eabi/5.4.1/armv6-m\libgcc.a(_udivsi3.o)
 .ARM.attributes
                0x000001e0       0x1e d:/eclipse/plugins/fr.ac6.mcu.externaltools.arm-none.win32_1.11.0.201610101338/tools/gcc-arm-none-eabi-5_4-2016q2-20160622-win32/bin/../lib/gcc/arm-none-eabi/5.4.1/armv6-m\libgcc.a(_dvmd_tls.o)
 .ARM.attributes
                0x000001fe       0x2c d:/eclipse/plugins/fr.ac6.mcu.externaltools.arm-none.win32_1.11.0.201610101338/tools/gcc-arm-none-eabi-5_4-2016q2-20160622-win32/bin/../lib/gcc/arm-none-eabi/5.4.1/../../../../arm-none-eabi/lib/armv6-m\libc.a(lib_a-impure.o)
 .ARM.attributes
                0x0000022a       0x2c d:/eclipse/plugins/fr.ac6.mcu.externaltools.arm-none.win32_1.11.0.201610101338/tools/gcc-arm-none-eabi-5_4-2016q2-20160622-win32/bin/../lib/gcc/arm-none-eabi/5.4.1/../../../../arm-none-eabi/lib/armv6-m\libc.a(lib_a-init.o)
 .ARM.attributes
                0x00000256       0x2c d:/eclipse/plugins/fr.ac6.mcu.externaltools.arm-none.win32_1.11.0.201610101338/tools/gcc-arm-none-eabi-5_4-2016q2-20160622-win32/bin/../lib/gcc/arm-none-eabi/5.4.1/../../../../arm-none-eabi/lib/armv6-m\libc.a(lib_a-__call_atexit.o)
 .ARM.attributes
                0x00000282       0x2c d:/eclipse/plugins/fr.ac6.mcu.externaltools.arm-none.win32_1.11.0.201610101338/tools/gcc-arm-none-eabi-5_4-2016q2-20160622-win32/bin/../lib/gcc/arm-none-eabi/5.4.1/../../../../arm-none-eabi/lib/armv6-m\libc.a(lib_a-atexit.o)
 .ARM.attributes
                0x000002ae       0x2c d:/eclipse/plugins/fr.ac6.mcu.externaltools.arm-none.win32_1.11.0.201610101338/tools/gcc-arm-none-eabi-5_4-2016q2-20160622-win32/bin/../lib/gcc/arm-none-eabi/5.4.1/../../../../arm-none-eabi/lib/armv6-m\libc.a(lib_a-fini.o)
 .ARM.attributes
                0x000002da       0x2c d:/eclipse/plugins/fr.ac6.mcu.externaltools.arm-none.win32_1.11.0.201610101338/tools/gcc-arm-none-eabi-5_4-2016q2-20160622-win32/bin/../lib/gcc/arm-none-eabi/5.4.1/../../../../arm-none-eabi/lib/armv6-m\libc.a(lib_a-__atexit.o)
 .ARM.attributes
                0x00000306       0x1e d:/eclipse/plugins/fr.ac6.mcu.externaltools.arm-none.win32_1.11.0.201610101338/tools/gcc-arm-none-eabi-5_4-2016q2-20160622-win32/bin/../lib/gcc/arm-none-eabi/5.4.1/armv6-m/crtn.o
OUTPUT(MicroMouse.elf elf32-littlearm)

.debug_info     0x00000000     0x2aad
 .debug_info    0x00000000      0x2e4 src/board.o
 .debug_info    0x000002e4       0x9a src/main.o
 .debug_info    0x0000037e      0x2d5 src/system_stm32f0xx.o
 .debug_info    0x00000653      0x52a src/uart.o
 .debug_info    0x00000b7d       0x93 startup/startup_stm32f072.o
 .debug_info    0x00000c10      0x5ef C:\Users\Ilja-NP\workspace\stm32f072b-disco_stdperiph_lib\Debug\libstm32f072b-disco_stdperiph_lib.a(stm32f0xx_gpio.o)
 .debug_info    0x000011ff      0xa58 C:\Users\Ilja-NP\workspace\stm32f072b-disco_stdperiph_lib\Debug\libstm32f072b-disco_stdperiph_lib.a(stm32f0xx_rcc.o)
 .debug_info    0x00001c57      0xe56 C:\Users\Ilja-NP\workspace\stm32f072b-disco_stdperiph_lib\Debug\libstm32f072b-disco_stdperiph_lib.a(stm32f0xx_usart.o)

.debug_abbrev   0x00000000      0x923
 .debug_abbrev  0x00000000       0xf3 src/board.o
 .debug_abbrev  0x000000f3       0x47 src/main.o
 .debug_abbrev  0x0000013a      0x11a src/system_stm32f0xx.o
 .debug_abbrev  0x00000254      0x1c3 src/uart.o
 .debug_abbrev  0x00000417       0x12 startup/startup_stm32f072.o
 .debug_abbrev  0x00000429      0x1a4 C:\Users\Ilja-NP\workspace\stm32f072b-disco_stdperiph_lib\Debug\libstm32f072b-disco_stdperiph_lib.a(stm32f0xx_gpio.o)
 .debug_abbrev  0x000005cd      0x1f3 C:\Users\Ilja-NP\workspace\stm32f072b-disco_stdperiph_lib\Debug\libstm32f072b-disco_stdperiph_lib.a(stm32f0xx_rcc.o)
 .debug_abbrev  0x000007c0      0x163 C:\Users\Ilja-NP\workspace\stm32f072b-disco_stdperiph_lib\Debug\libstm32f072b-disco_stdperiph_lib.a(stm32f0xx_usart.o)

.debug_aranges  0x00000000      0x460
 .debug_aranges
                0x00000000       0x20 src/board.o
 .debug_aranges
                0x00000020       0x20 src/main.o
 .debug_aranges
                0x00000040       0x30 src/system_stm32f0xx.o
 .debug_aranges
                0x00000070       0x48 src/uart.o
 .debug_aranges
                0x000000b8       0x28 startup/startup_stm32f072.o
 .debug_aranges
                0x000000e0       0x80 C:\Users\Ilja-NP\workspace\stm32f072b-disco_stdperiph_lib\Debug\libstm32f072b-disco_stdperiph_lib.a(stm32f0xx_gpio.o)
 .debug_aranges
                0x00000160      0x160 C:\Users\Ilja-NP\workspace\stm32f072b-disco_stdperiph_lib\Debug\libstm32f072b-disco_stdperiph_lib.a(stm32f0xx_rcc.o)
 .debug_aranges
                0x000002c0      0x1a0 C:\Users\Ilja-NP\workspace\stm32f072b-disco_stdperiph_lib\Debug\libstm32f072b-disco_stdperiph_lib.a(stm32f0xx_usart.o)

.debug_ranges   0x00000000      0x3e8
 .debug_ranges  0x00000000       0x10 src/board.o
 .debug_ranges  0x00000010       0x10 src/main.o
 .debug_ranges  0x00000020       0x20 src/system_stm32f0xx.o
 .debug_ranges  0x00000040       0x38 src/uart.o
 .debug_ranges  0x00000078       0x20 startup/startup_stm32f072.o
 .debug_ranges  0x00000098       0x70 C:\Users\Ilja-NP\workspace\stm32f072b-disco_stdperiph_lib\Debug\libstm32f072b-disco_stdperiph_lib.a(stm32f0xx_gpio.o)
 .debug_ranges  0x00000108      0x150 C:\Users\Ilja-NP\workspace\stm32f072b-disco_stdperiph_lib\Debug\libstm32f072b-disco_stdperiph_lib.a(stm32f0xx_rcc.o)
 .debug_ranges  0x00000258      0x190 C:\Users\Ilja-NP\workspace\stm32f072b-disco_stdperiph_lib\Debug\libstm32f072b-disco_stdperiph_lib.a(stm32f0xx_usart.o)

.debug_macro    0x00000000     0xcb14
 .debug_macro   0x00000000      0x2f3 src/board.o
 .debug_macro   0x000002f3      0x844 src/board.o
 .debug_macro   0x00000b37       0x80 src/board.o
 .debug_macro   0x00000bb7       0x3a src/board.o
 .debug_macro   0x00000bf1       0x22 src/board.o
 .debug_macro   0x00000c13       0x87 src/board.o
 .debug_macro   0x00000c9a       0x44 src/board.o
 .debug_macro   0x00000cde       0xfd src/board.o
 .debug_macro   0x00000ddb       0x5e src/board.o
 .debug_macro   0x00000e39      0x1df src/board.o
 .debug_macro   0x00001018       0x1f src/board.o
 .debug_macro   0x00001037      0x242 src/board.o
 .debug_macro   0x00001279     0x5b9e src/board.o
 .debug_macro   0x00006e17      0x2eb src/board.o
 .debug_macro   0x00007102      0x3cf src/board.o
 .debug_macro   0x000074d1      0x191 src/board.o
 .debug_macro   0x00007662       0x46 src/board.o
 .debug_macro   0x000076a8       0xd9 src/board.o
 .debug_macro   0x00007781       0xef src/board.o
 .debug_macro   0x00007870      0x184 src/board.o
 .debug_macro   0x000079f4       0x7c src/board.o
 .debug_macro   0x00007a70      0x295 src/board.o
 .debug_macro   0x00007d05       0xd5 src/board.o
 .debug_macro   0x00007dda      0x2b7 src/board.o
 .debug_macro   0x00008091      0x185 src/board.o
 .debug_macro   0x00008216      0x184 src/board.o
 .debug_macro   0x0000839a      0x2a0 src/board.o
 .debug_macro   0x0000863a       0x70 src/board.o
 .debug_macro   0x000086aa       0xdf src/board.o
 .debug_macro   0x00008789      0x522 src/board.o
 .debug_macro   0x00008cab      0x4c5 src/board.o
 .debug_macro   0x00009170      0x396 src/board.o
 .debug_macro   0x00009506      0x750 src/board.o
 .debug_macro   0x00009c56      0x353 src/board.o
 .debug_macro   0x00009fa9       0x34 src/board.o
 .debug_macro   0x00009fdd       0x3a src/board.o
 .debug_macro   0x0000a017       0x88 src/board.o
 .debug_macro   0x0000a09f       0x52 src/board.o
 .debug_macro   0x0000a0f1       0x35 src/board.o
 .debug_macro   0x0000a126       0x9c src/board.o
 .debug_macro   0x0000a1c2       0x16 src/board.o
 .debug_macro   0x0000a1d8       0x97 src/board.o
 .debug_macro   0x0000a26f      0x30d src/board.o
 .debug_macro   0x0000a57c       0xfd src/board.o
 .debug_macro   0x0000a679       0x10 src/board.o
 .debug_macro   0x0000a689       0x52 src/board.o
 .debug_macro   0x0000a6db       0x1f src/board.o
 .debug_macro   0x0000a6fa       0x43 src/board.o
 .debug_macro   0x0000a73d       0x20 src/board.o
 .debug_macro   0x0000a75d      0x187 src/board.o
 .debug_macro   0x0000a8e4       0x10 src/board.o
 .debug_macro   0x0000a8f4       0x1c src/board.o
 .debug_macro   0x0000a910       0x52 src/board.o
 .debug_macro   0x0000a962       0x40 src/board.o
 .debug_macro   0x0000a9a2       0x10 src/board.o
 .debug_macro   0x0000a9b2       0x40 src/board.o
 .debug_macro   0x0000a9f2       0xd7 src/board.o
 .debug_macro   0x0000aac9       0x16 src/board.o
 .debug_macro   0x0000aadf      0x189 src/board.o
 .debug_macro   0x0000ac68      0x307 src/main.o
 .debug_macro   0x0000af6f      0x195 src/system_stm32f0xx.o
 .debug_macro   0x0000b104      0x2f3 src/uart.o
 .debug_macro   0x0000b3f7      0x197 C:\Users\Ilja-NP\workspace\stm32f072b-disco_stdperiph_lib\Debug\libstm32f072b-disco_stdperiph_lib.a(stm32f0xx_gpio.o)
 .debug_macro   0x0000b58e      0x83e C:\Users\Ilja-NP\workspace\stm32f072b-disco_stdperiph_lib\Debug\libstm32f072b-disco_stdperiph_lib.a(stm32f0xx_gpio.o)
 .debug_macro   0x0000bdcc      0x17f C:\Users\Ilja-NP\workspace\stm32f072b-disco_stdperiph_lib\Debug\libstm32f072b-disco_stdperiph_lib.a(stm32f0xx_gpio.o)
 .debug_macro   0x0000bf4b      0x1b1 C:\Users\Ilja-NP\workspace\stm32f072b-disco_stdperiph_lib\Debug\libstm32f072b-disco_stdperiph_lib.a(stm32f0xx_rcc.o)
 .debug_macro   0x0000c0fc      0x51c C:\Users\Ilja-NP\workspace\stm32f072b-disco_stdperiph_lib\Debug\libstm32f072b-disco_stdperiph_lib.a(stm32f0xx_rcc.o)
 .debug_macro   0x0000c618      0x1af C:\Users\Ilja-NP\workspace\stm32f072b-disco_stdperiph_lib\Debug\libstm32f072b-disco_stdperiph_lib.a(stm32f0xx_usart.o)
 .debug_macro   0x0000c7c7      0x34d C:\Users\Ilja-NP\workspace\stm32f072b-disco_stdperiph_lib\Debug\libstm32f072b-disco_stdperiph_lib.a(stm32f0xx_usart.o)

.debug_line     0x00000000     0x3ba2
 .debug_line    0x00000000      0x811 src/board.o
 .debug_line    0x00000811      0x81f src/main.o
 .debug_line    0x00001030      0x686 src/system_stm32f0xx.o
 .debug_line    0x000016b6      0x89b src/uart.o
 .debug_line    0x00001f51       0x80 startup/startup_stm32f072.o
 .debug_line    0x00001fd1      0x788 C:\Users\Ilja-NP\workspace\stm32f072b-disco_stdperiph_lib\Debug\libstm32f072b-disco_stdperiph_lib.a(stm32f0xx_gpio.o)
 .debug_line    0x00002759      0x9e0 C:\Users\Ilja-NP\workspace\stm32f072b-disco_stdperiph_lib\Debug\libstm32f072b-disco_stdperiph_lib.a(stm32f0xx_rcc.o)
 .debug_line    0x00003139      0xa69 C:\Users\Ilja-NP\workspace\stm32f072b-disco_stdperiph_lib\Debug\libstm32f072b-disco_stdperiph_lib.a(stm32f0xx_usart.o)

.debug_str      0x00000000    0x44789
 .debug_str     0x00000000    0x433be src/board.o
                              0x435f8 (size before relaxing)
 .debug_str     0x000433be       0x26 src/main.o
                              0x4340c (size before relaxing)
 .debug_str     0x000433e4      0x129 src/system_stm32f0xx.o
                              0x3f7a2 (size before relaxing)
 .debug_str     0x0004350d      0x35c src/uart.o
                              0x437c4 (size before relaxing)
 .debug_str     0x00043869      0x1bc C:\Users\Ilja-NP\workspace\stm32f072b-disco_stdperiph_lib\Debug\libstm32f072b-disco_stdperiph_lib.a(stm32f0xx_gpio.o)
                              0x3f988 (size before relaxing)
 .debug_str     0x00043a25      0x5f3 C:\Users\Ilja-NP\workspace\stm32f072b-disco_stdperiph_lib\Debug\libstm32f072b-disco_stdperiph_lib.a(stm32f0xx_rcc.o)
                              0x3fd45 (size before relaxing)
 .debug_str     0x00044018      0x771 C:\Users\Ilja-NP\workspace\stm32f072b-disco_stdperiph_lib\Debug\libstm32f072b-disco_stdperiph_lib.a(stm32f0xx_usart.o)
                              0x3ff9c (size before relaxing)

.comment        0x00000000       0x6e
 .comment       0x00000000       0x6e src/board.o
                                 0x6f (size before relaxing)
 .comment       0x0000006e       0x6f src/main.o
 .comment       0x0000006e       0x6f src/system_stm32f0xx.o
 .comment       0x0000006e       0x6f src/uart.o
 .comment       0x0000006e       0x6f C:\Users\Ilja-NP\workspace\stm32f072b-disco_stdperiph_lib\Debug\libstm32f072b-disco_stdperiph_lib.a(stm32f0xx_gpio.o)
 .comment       0x0000006e       0x6f C:\Users\Ilja-NP\workspace\stm32f072b-disco_stdperiph_lib\Debug\libstm32f072b-disco_stdperiph_lib.a(stm32f0xx_rcc.o)
 .comment       0x0000006e       0x6f C:\Users\Ilja-NP\workspace\stm32f072b-disco_stdperiph_lib\Debug\libstm32f072b-disco_stdperiph_lib.a(stm32f0xx_usart.o)

.debug_frame    0x00000000      0xfc4
 .debug_frame   0x00000000       0x30 src/board.o
 .debug_frame   0x00000030       0x2c src/main.o
 .debug_frame   0x0000005c       0x6c src/system_stm32f0xx.o
 .debug_frame   0x000000c8       0xc8 src/uart.o
 .debug_frame   0x00000190      0x1b0 C:\Users\Ilja-NP\workspace\stm32f072b-disco_stdperiph_lib\Debug\libstm32f072b-disco_stdperiph_lib.a(stm32f0xx_gpio.o)
 .debug_frame   0x00000340      0x524 C:\Users\Ilja-NP\workspace\stm32f072b-disco_stdperiph_lib\Debug\libstm32f072b-disco_stdperiph_lib.a(stm32f0xx_rcc.o)
 .debug_frame   0x00000864      0x630 C:\Users\Ilja-NP\workspace\stm32f072b-disco_stdperiph_lib\Debug\libstm32f072b-disco_stdperiph_lib.a(stm32f0xx_usart.o)
 .debug_frame   0x00000e94       0x20 d:/eclipse/plugins/fr.ac6.mcu.externaltools.arm-none.win32_1.11.0.201610101338/tools/gcc-arm-none-eabi-5_4-2016q2-20160622-win32/bin/../lib/gcc/arm-none-eabi/5.4.1/armv6-m\libgcc.a(_udivsi3.o)
 .debug_frame   0x00000eb4       0x2c d:/eclipse/plugins/fr.ac6.mcu.externaltools.arm-none.win32_1.11.0.201610101338/tools/gcc-arm-none-eabi-5_4-2016q2-20160622-win32/bin/../lib/gcc/arm-none-eabi/5.4.1/../../../../arm-none-eabi/lib/armv6-m\libc.a(lib_a-init.o)
 .debug_frame   0x00000ee0       0x54 d:/eclipse/plugins/fr.ac6.mcu.externaltools.arm-none.win32_1.11.0.201610101338/tools/gcc-arm-none-eabi-5_4-2016q2-20160622-win32/bin/../lib/gcc/arm-none-eabi/5.4.1/../../../../arm-none-eabi/lib/armv6-m\libc.a(lib_a-__call_atexit.o)
 .debug_frame   0x00000f34       0x28 d:/eclipse/plugins/fr.ac6.mcu.externaltools.arm-none.win32_1.11.0.201610101338/tools/gcc-arm-none-eabi-5_4-2016q2-20160622-win32/bin/../lib/gcc/arm-none-eabi/5.4.1/../../../../arm-none-eabi/lib/armv6-m\libc.a(lib_a-atexit.o)
 .debug_frame   0x00000f5c       0x2c d:/eclipse/plugins/fr.ac6.mcu.externaltools.arm-none.win32_1.11.0.201610101338/tools/gcc-arm-none-eabi-5_4-2016q2-20160622-win32/bin/../lib/gcc/arm-none-eabi/5.4.1/../../../../arm-none-eabi/lib/armv6-m\libc.a(lib_a-fini.o)
 .debug_frame   0x00000f88       0x3c d:/eclipse/plugins/fr.ac6.mcu.externaltools.arm-none.win32_1.11.0.201610101338/tools/gcc-arm-none-eabi-5_4-2016q2-20160622-win32/bin/../lib/gcc/arm-none-eabi/5.4.1/../../../../arm-none-eabi/lib/armv6-m\libc.a(lib_a-__atexit.o)
